// Vitest Snapshot v1, https://vitest.dev/guide/snapshot.html

exports[`up.debug = true 1`] = `
[
  [
    "%c>> _",
    "color: #E2A03F; font-weight: bold;",
  ],
  [
    "• a = idle",
  ],
  [
    "• b = idle",
  ],
  [
    "• c = idle",
  ],
  [
    "%c>> _",
    "color: #E2A03F; font-weight: bold;",
  ],
  [
    "• a = pending",
  ],
  [
    "• b = idle",
  ],
  [
    "• c = idle",
  ],
  [
    "%c>> _",
    "color: #E2A03F; font-weight: bold;",
  ],
  [
    "• a = pending",
  ],
  [
    "• b = idle",
  ],
  [
    "• c = pending",
  ],
  [
    "%c>> _",
    "color: #E2A03F; font-weight: bold;",
  ],
  [
    "• a = done",
  ],
  [
    "• b = idle",
  ],
  [
    "• c = pending",
  ],
  [
    "%c>> _",
    "color: #E2A03F; font-weight: bold;",
  ],
  [
    "• a = done",
  ],
  [
    "• b = idle",
  ],
  [
    "• c = done",
  ],
  [
    "%c>> _",
    "color: #E2A03F; font-weight: bold;",
  ],
  [
    "• a = done",
  ],
  [
    "• b = off",
  ],
  [
    "• c = done",
  ],
]
`;
